[spacexsol.xyz/index.html]
[backblue.gif]
[fade.gif]
[index.html]
[spacexsol.xyz/wp-content/plugins/layout-grid/style0b04.css]
[spacexsol.xyz/feed/index.html]
[spacexsol.xyz/comments/feed/index.html]
[spacexsol.xyz/wp-content/uploads/theplus-addons/theplus-post-2.min874c.css]
[spacexsol.xyz/wp-content/plugins/theplus_elementor_addon/assets/css/main/pre-loader/plus-pre-loader.min0e7d.css]
[spacexsol.xyz/wp-content/themes/seedlet/style6338.css]
[spacexsol.xyz/wp-content/themes/seedlet/assets/css/print6338.css]
[spacexsol.xyz/wp-content/themes/seedlet/assets/css/custom-color-overrides6338.css]
[spacexsol.xyz/wp-content/plugins/elementor/assets/lib/eicons/css/elementor-icons.min7bb8.css]
[spacexsol.xyz/wp-content/plugins/elementor/assets/css/frontend-lite.min110d.css]
[spacexsol.xyz/wp-content/plugins/elementor/assets/lib/swiper/css/swiper.min48f5.css]
[spacexsol.xyz/wp-content/uploads/elementor/css/post-93ca6.css]
[spacexsol.xyz/wp-content/plugins/elementor-pro/assets/css/frontend-lite.min695d.css]
[spacexsol.xyz/wp-content/uploads/elementor/css/post-2874c.css]
[spacexsol.xyz/wp-content/themes/blank-canvas/style1e39.css]
[spacexsol.xyz/wp-content/plugins/elementor/assets/lib/font-awesome/css/fontawesome.min52d5.css]
[spacexsol.xyz/wp-content/plugins/elementor/assets/lib/font-awesome/css/brands.min52d5.css]
[spacexsol.xyz/wp-includes/js/jquery/jquery.minf43b.js]
[spacexsol.xyz/wp-includes/js/jquery/jquery-migrate.min5589.js]
[spacexsol.xyz/wp-content/plugins/theplus_elementor_addon/assets/js/main/pre-loader/plus-pre-loader-extra-transition.min0e7d.js]
[spacexsol.xyz/wp-content/plugins/theplus_elementor_addon/assets/js/main/pre-loader/plus-pre-loader.min0e7d.js]
[spacexsol.xyz/wp-json/wp/v2/pages/2.json]
[spacexsol.xyz/wp-json/index.html]
[spacexsol.xyz/wp-json/oembed/1.0/embedeb7d.json]
[spacexsol.xyz/wp-json/oembed/1.0/embedaa33]
[spacexsol.xyz/wp-content/uploads/2023/09/IMAGE-2023-09-10-12_23_08-150x150.png]
[spacexsol.xyz/wp-content/uploads/2023/09/IMAGE-2023-09-10-12_23_08-300x300.png]
[spacexsol.xyz/wp-content/uploads/2023/09/IMAGE-2023-09-10-12_23_08.png]
[spacexsol.xyz/wp-content/plugins/unlimited-elements-for-elementor-premium/assets_libraries/font-awesome5/css/fontawesome-all.min.css]
[spacexsol.xyz/wp-content/plugins/unlimited-elements-for-elementor-premium/assets_libraries/font-awesome5/css/fontawesome-v4-shims.css]
[spacexsol.xyz/wp-content/uploads/2023/09/image-1.jpg]
[spacexsol.xyz/wp-content/uploads/2023/09/image-2-scaled-e1694346671665-768x1024.jpg]
[spacexsol.xyz/wp-includes/js/jquery/ui/core.min3f14.js]
[spacexsol.xyz/wp-includes/js/jquery/ui/mouse.min3f14.js]
[spacexsol.xyz/wp-includes/js/jquery/ui/slider.min3f14.js]
[spacexsol.xyz/wp-content/uploads/theplus-addons/theplus-post-2.min874c.js]
[spacexsol.xyz/wp-includes/js/jquery/ui/draggable.min3f14.js]
[spacexsol.xyz/wp-includes/js/jquery/jquery.ui.touch-punchc682.js]
[spacexsol.xyz/wp-content/plugins/elementor-pro/assets/js/webpack-pro.runtime.min695d.js]
[spacexsol.xyz/wp-content/plugins/elementor/assets/js/webpack.runtime.min110d.js]
[spacexsol.xyz/wp-content/plugins/elementor/assets/js/frontend-modules.min110d.js]
[spacexsol.xyz/wp-includes/js/dist/vendor/wp-polyfill-inert.min0226.js]
[spacexsol.xyz/wp-includes/js/dist/vendor/regenerator-runtime.min6c85.js]
[spacexsol.xyz/wp-includes/js/dist/vendor/wp-polyfill.min2c7c.js]
[spacexsol.xyz/wp-includes/js/dist/hooks.min2ebd.js]
[spacexsol.xyz/wp-includes/js/dist/i18n.minf92f.js]
[spacexsol.xyz/wp-content/plugins/elementor-pro/assets/js/frontend.min695d.js]
[spacexsol.xyz/wp-content/plugins/elementor/assets/lib/waypoints/waypoints.min05da.js]
[spacexsol.xyz/wp-content/plugins/elementor/assets/js/frontend.min110d.js]
[spacexsol.xyz/wp-content/plugins/elementor-pro/assets/js/elements-handlers.min695d.js]
[spacexsol.xyz/index.html]
[spacexsol.xyz/wp-admin/admin-ajax.html]
[spacexsol.xyz/wp-admin/admin-post.html]
[spacexsol.xyz/wp-content/plugins/layout-grid/style0b04.css]
[spacexsol.xyz/wp-content/uploads/theplus-addons/theplus-post-2.min874c.css]
[spacexsol.xyz/wp-content/plugins/theplus_elementor_addon/assets/css/main/pre-loader/plus-pre-loader.min0e7d.css]
[spacexsol.xyz/wp-content/themes/seedlet/style6338.css]
[spacexsol.xyz/wp-content/themes/seedlet/assets/css/print6338.css]
[spacexsol.xyz/wp-content/themes/seedlet/assets/css/custom-color-overrides6338.css]
[spacexsol.xyz/wp-content/plugins/elementor-pro/assets/lib/sticky/jquery.sticky.min695d.js]
[spacexsol.xyz/wp-content/plugins/elementor/assets/lib/eicons/fonts/eicons080a.eot]
[spacexsol.xyz/wp-content/plugins/elementor/assets/lib/eicons/fonts/eicons080a.woff2]
[spacexsol.xyz/wp-content/plugins/elementor/assets/lib/eicons/fonts/eicons080a.woff]
[spacexsol.xyz/wp-content/plugins/elementor/assets/lib/eicons/css/elementor-icons.min7bb8.css]
[spacexsol.xyz/wp-content/plugins/elementor/assets/css/frontend-lite.min110d.css]
[spacexsol.xyz/wp-content/plugins/elementor/assets/lib/swiper/css/swiper.min48f5.css]
[spacexsol.xyz/wp-content/uploads/elementor/css/post-93ca6.css]
[spacexsol.xyz/wp-content/plugins/elementor-pro/assets/css/frontend-lite.min695d.css]
[spacexsol.xyz/wp-content/plugins/elementor/assets/lib/eicons/fonts/eicons080a.ttf]
[spacexsol.xyz/wp-content/plugins/elementor/assets/lib/eicons/fonts/eicons080a.svg]
[spacexsol.xyz/wp-content/uploads/2023/05/152-scaled.jpg]
[spacexsol.xyz/wp-content/uploads/elementor/css/post-2874c.css]
[spacexsol.xyz/wp-content/themes/blank-canvas/style1e39.css]
[spacexsol.xyz/wp-content/plugins/elementor/assets/lib/font-awesome/css/fontawesome.min52d5.css]
[spacexsol.xyz/wp-content/themes/blank-canvas/variables.css]
[spacexsol.xyz/wp-content/plugins/elementor/assets/lib/font-awesome/webfonts/fa-brands-400.eot]
[spacexsol.xyz/wp-content/plugins/elementor/assets/lib/font-awesome/webfonts/fa-brands-400d41d.eot]
[spacexsol.xyz/wp-content/plugins/elementor/assets/lib/font-awesome/webfonts/fa-brands-400.woff2]
[spacexsol.xyz/wp-content/plugins/elementor/assets/lib/font-awesome/webfonts/fa-brands-400.woff]
[spacexsol.xyz/wp-content/plugins/elementor/assets/lib/font-awesome/webfonts/fa-brands-400.ttf]
[spacexsol.xyz/wp-content/plugins/elementor/assets/lib/font-awesome/css/brands.min52d5.css]
[spacexsol.xyz/wp-content/plugins/elementor/assets/lib/font-awesome/webfonts/fa-brands-400.svg]
[spacexsol.xyz/wp-content/plugins/unlimited-elements-for-elementor-premium/assets_libraries/font-awesome5/css/fa-brands-400.eot]
[spacexsol.xyz/wp-content/plugins/unlimited-elements-for-elementor-premium/assets_libraries/font-awesome5/css/fa-brands-400d41d.eot]
[spacexsol.xyz/wp-content/plugins/unlimited-elements-for-elementor-premium/assets_libraries/font-awesome5/css/fa-brands-400.woff2]
[spacexsol.xyz/wp-content/plugins/unlimited-elements-for-elementor-premium/assets_libraries/font-awesome5/css/fa-brands-400.woff]
[spacexsol.xyz/wp-content/plugins/unlimited-elements-for-elementor-premium/assets_libraries/font-awesome5/css/fa-brands-400.ttf]
[spacexsol.xyz/wp-content/plugins/unlimited-elements-for-elementor-premium/assets_libraries/font-awesome5/css/fa-regular-400.eot]
[spacexsol.xyz/wp-content/plugins/unlimited-elements-for-elementor-premium/assets_libraries/font-awesome5/css/fa-regular-400d41d.eot]
[spacexsol.xyz/wp-content/plugins/unlimited-elements-for-elementor-premium/assets_libraries/font-awesome5/css/fa-brands-400.svg]
[spacexsol.xyz/wp-content/plugins/unlimited-elements-for-elementor-premium/assets_libraries/font-awesome5/css/fa-regular-400.woff2]
[spacexsol.xyz/wp-content/plugins/unlimited-elements-for-elementor-premium/assets_libraries/font-awesome5/css/fa-regular-400.woff]
[spacexsol.xyz/wp-content/plugins/unlimited-elements-for-elementor-premium/assets_libraries/font-awesome5/css/fa-regular-400.ttf]
[spacexsol.xyz/wp-content/plugins/unlimited-elements-for-elementor-premium/assets_libraries/font-awesome5/css/fa-regular-400.svg]
[spacexsol.xyz/wp-content/plugins/unlimited-elements-for-elementor-premium/assets_libraries/font-awesome5/css/fa-solid-900.eot]
[spacexsol.xyz/wp-content/plugins/unlimited-elements-for-elementor-premium/assets_libraries/font-awesome5/css/fa-solid-900d41d.eot]
[spacexsol.xyz/wp-content/plugins/unlimited-elements-for-elementor-premium/assets_libraries/font-awesome5/css/fa-solid-900.woff2]
[spacexsol.xyz/wp-content/plugins/unlimited-elements-for-elementor-premium/assets_libraries/font-awesome5/css/fa-solid-900.woff]
[spacexsol.xyz/wp-content/plugins/unlimited-elements-for-elementor-premium/assets_libraries/font-awesome5/css/fontawesome-all.min.css]
[spacexsol.xyz/wp-content/plugins/unlimited-elements-for-elementor-premium/assets_libraries/font-awesome5/css/fontawesome-v4-shims.css]
[spacexsol.xyz/wp-content/uploads/ac_assets/uc_sexy_social_buttons/uc_sexy_social_buttons.css]
[spacexsol.xyz/wp-content/plugins/elementor/assets/lib/eicons/fonts/eicons080a.svg]
[spacexsol.xyz/wp-content/themes/blank-canvas/variables.css]
[spacexsol.xyz/wp-content/plugins/elementor/assets/lib/font-awesome/webfonts/fa-brands-400.svg]
[spacexsol.xyz/wp-content/plugins/unlimited-elements-for-elementor-premium/assets_libraries/font-awesome5/css/fa-brands-400.svg]
[spacexsol.xyz/wp-content/plugins/unlimited-elements-for-elementor-premium/assets_libraries/font-awesome5/css/fa-regular-400.svg]
[spacexsol.xyz/wp-content/plugins/unlimited-elements-for-elementor-premium/assets_libraries/font-awesome5/css/fa-solid-900.ttf]
[spacexsol.xyz/wp-content/plugins/unlimited-elements-for-elementor-premium/assets_libraries/font-awesome5/css/fa-solid-900.svg]
[spacexsol.xyz/wp-content/plugins/unlimited-elements-for-elementor-premium/assets_libraries/font-awesome5/css/fa-solid-900.svg]
[spacexsol.xyz/xmlrpc0db0.php]
[spacexetherc.xyz/wp-content/uploads/2023/09/image.png]
